// Jest Snapshot v1, https://goo.gl/fbAQLP

exports[`Testing <AddFriendInput /> component Should render AddFriendInput component  1`] = `
<div>
  <input
    autoFocus="true"
    className="form-control"
    onChange={[Function]}
    onKeyDown={[Function]}
    placeholder="Type the name of a friend and press enter"
    type="text"
    value=""
  />
  <div
    className=""
  >
    <input
      className=""
      name="sex"
      onChange={[Function]}
      type="radio"
      value="male"
    />
    <img
      alt="male"
      src="https://cdn4.iconfinder.com/data/icons/essential-part-3/32/216-Male-24.png"
    />
    <input
      className=""
      name="sex"
      onChange={[Function]}
      type="radio"
      value="female"
    />
    <img
      alt="female"
      src="https://cdn4.iconfinder.com/data/icons/essential-part-3/32/217-Female-24.png"
    />
  </div>
  <div
    className=""
  />
</div>
`;
